// Jest Snapshot v1, https://goo.gl/fbAQLP

exports[`Pruebas en <AppRouter /> Debe mostrarse correctamente 1`] = `
<div>
  <nav
    className="navbar navbar-expand-sm navbar-dark bg-dark"
  >
    <a
      className="navbar-brand"
      href="/"
      onClick={[Function]}
    >
      UseContext
    </a>
    <div
      className="collapse navbar-collapse"
      id="navbarNavAltMarkup"
    >
      <div
        className="navbar-nav"
      >
        <a
          activeClassName="active"
          aria-current="page"
          className="nav-item nav-link active"
          exact={true}
          href="/"
          onClick={[Function]}
        >
          Home
        </a>
        <a
          activeClassName="active"
          className="nav-item nav-link"
          exact={true}
          href="/about"
          onClick={[Function]}
        >
          About
        </a>
        <a
          activeClassName="active"
          className="nav-item nav-link"
          exact={true}
          href="/login"
          onClick={[Function]}
        >
          Login
        </a>
      </div>
    </div>
  </nav>
  <div
    className="container"
  >
    <div>
      <h1>
        HomeScreen
      </h1>
      <hr />
      <pre>
        {
   "name": "Prisciliano",
   "email": "pris98.cortesgmail.com"
}
      </pre>
    </div>
  </div>
</div>
`;
